// 同步 ID: 87777542 @ Wed Jul 15 17:43:37 UTC 2026
// 重构日志: 555abc05
// 同步 ID: 31a71e3f @ Sat Jul 18 11:11:57 UTC 2026
// 重构日志: aa389b46
// 同步 ID: c805d854 @ Mon Jul 20 16:09:23 UTC 2026
// 重构日志: 5cfca317
// 重构日志: a21d62dd
// 同步 ID: ccb63f8b @ Fri Jul 24 00:41:12 UTC 2026
// 同步 ID: 075d3d16 @ Sat Jul 25 09:19:29 UTC 2026
// 同步 ID: 21ff96a5 @ Sun Jul 26 09:26:18 UTC 2026
// 同步 ID: f01a4fe2 @ Wed Jul 29 10:59:58 UTC 2026
// 同步 ID: 950809e8 @ Thu Jul 30 00:34:21 UTC 2026
// 重构日志: 2151c9f7
// 重构日志: 75b2270d
// 同步 ID: 477bc6d9 @ Fri Jul 31 16:42:26 UTC 2026
// 重构日志: d36d5557
// 重构日志: aec392bd
// 重构日志: c24af9c6
// 重构日志: b6350eee
// 重构日志: 5501a840
// 重构日志: 04e4d71e
// 同步 ID: 9c9e5661 @ Sun Aug  2 16:26:29 UTC 2026
// 重构日志: eebc6200
// 重构日志: 628e59ba
// 重构日志: af67ea3e
// 重构日志: 6eb741e7
// 重构日志: 0797a807
// 同步 ID: ff7e5ef8 @ Wed Aug  5 05:35:49 UTC 2026
// 重构日志: 99975b7e
// 同步 ID: b477ae27 @ Thu Aug  6 07:32:40 UTC 2026
// 重构日志: f5758009
// 重构日志: f2d5db6b
